[nagiexe2007.wixsite.com/le-boscq.html]
[static.parastorage.com/unpkg/core-js-bundle@3.2.1/minified.js]
[static.parastorage.com/unpkg/focus-within-polyfill@5.0.9/dist/focus-within-polyfill.js]
[backblue.gif]
[fade.gif]
[index.html]
[polyfill.io/v3/polyfill.mind82c.js]
[browser.sentry-cdn.com/6.18.2/bundle.min.js]
[nagiexe2007.wixsite.com/decodeURIComponent(e]
[nagiexe2007.wixsite.com/sitemap.xml]
[nagiexe2007.wixsite.com/feed.xml]
[static.parastorage.com/services/wix-thunderbolt/dist/bootstrap-features.94ea7759.bundle.min.js]
[static.parastorage.com/services/wix-thunderbolt/dist/main.b6acf567.bundle.min.js]
[static.parastorage.com/unpkg/lodash@4.17.21/lodash.min.js]
[static.parastorage.com/unpkg/react@16.13.1/umd/react.production.min.js]
[static.parastorage.com/services/wix-code-platform/1.1097.2/elementory-browser-support.min.js]
[static.parastorage.com/services/tag-manager-client/1.427.0/siteTags.bundle.min.js]
[static.parastorage.com/services/wix-perf-measure/1.834.0/wix-perf-measure.bundle.min.js]
[static.parastorage.com/unpkg/react-dom@16.13.1/umd/react-dom.production.min.js]
[nagiexe2007.wixsite.com/da6c52cb.min.css]
[nagiexe2007.wixsite.com/b604fd33.min.css]
[nagiexe2007.wixsite.com/index.html]
[nagiexe2007.wixsite.com/4c758e80.min.12.delayed]
[nagiexe2007.wixsite.com/b3e8ff7e.min.css]
[nagiexe2007.wixsite.com/e525ada0.min.css]
[nagiexe2007.wixsite.com/99ad003e.chunk.min.js]
[nagiexe2007.wixsite.com/rb_wixui.thunderbolt_bootstrap-classic.28acadb2.chunk.min.js]
[nagiexe2007.wixsite.com/version/index.html]
[nagiexe2007.wixsite.com/rb_wixui.thunderbolt_bootstrap.1af93bc0.chunk.min.css]
[nagiexe2007.wixsite.com/rb_wixui.thunderbolt_bootstrap.99ad003e.chunk.min.js]
[static.wixstatic.com/media/ae99c3_f9725cf166ac41fca9f180f7b2ca2fe0_mv2.jpg/v1/fill/w_819,h_592,al_c,q_85,usm_0.66_1.00_0.01,enc_auto/866e7992c2307d73ea0fce4f17dd4532c2a8f19c_edited.jpg]
[static.parastorage.com/services/pro-gallery-santa-wrapper/1.2715.0/staticCss.min.css]
[static.wixstatic.com/media/ae99c3_dc1995de1f0247fbb2e55c0efe0d6492_mv2.jpg/v1/fill/w_181,h_136,al_c,q_80,usm_0.66_1.00_0.01,blur_2/219eeeedb85fc1e36e67441e226ecba53206ff45_jpg_rule=ad-large.1a.d]
[static.wixstatic.com/media/ae99c3_bebfaf54c0f04d17a76b017db9457bd3_mv2.jpg]
[static.wixstatic.com/media/ae99c3_0227a76c0ca04eb38d8bfeb13b6c8055_mv2.jpg]
[static.wixstatic.com/media/ae99c3_3dec93b63157451993f955deb7ab3c1f_mv2.jpg]
[static.wixstatic.com/media/ae99c3_b6fb8ea5b7ee48a4a60d25c067d80509_mv2.jpg]
[static.wixstatic.com/media/ae99c3_73ba8405e86a4127a5944da89213e9ee_mv2.jpg]
[static.wixstatic.com/media/ae99c3_a1fb3f29de4743ae8fba86225d522d06_mv2.jpg]
[static.wixstatic.com/media/a3c153_3592f141741849e8b2cb99afa8e3a412_mv2.jpg/v1/fill/w_152,h_109,al_c,q_80,usm_0.66_1.00_0.01,blur_2,enc_auto/a3c153_3592f141741849e8b2cb99afa8e3a412_mv2.jpg]
[nagiexe2007.wixsite.com/le-boscq.html]
[nagiexe2007.wixsite.com/decodeURIComponent(e.html]
[nagiexe2007.wixsite.com/sitemap.html]
[nagiexe2007.wixsite.com/feed.html]
[nagiexe2007.wixsite.com/index.html]
[nagiexe2007.wixsite.com/version/index.html]
[nagiexe2007.wixsite.com/da6c52cb.min.html]
[nagiexe2007.wixsite.com/b604fd33.min.html]
[nagiexe2007.wixsite.com/4c758e80.min.html]
[nagiexe2007.wixsite.com/b3e8ff7e.min.html]
[nagiexe2007.wixsite.com/e525ada0.min.html]
[nagiexe2007.wixsite.com/99ad003e.chunk.min.html]
[nagiexe2007.wixsite.com/rb_wixui.thunderbolt_bootstrap-classic.28acadb2.chunk.min.html]
[nagiexe2007.wixsite.com/rb_wixui.thunderbolt_bootstrap.1af93bc0.chunk.min.html]
[nagiexe2007.wixsite.com/rb_wixui.thunderbolt_bootstrap.99ad003e.chunk.min.html]
[static.parastorage.com/services/pro-gallery-santa-wrapper/1.2715.0/media/emptystate.f4c750b6.svg]
[static.parastorage.com/services/pro-gallery-santa-wrapper/1.2715.0/staticCss.min.css]
[static.parastorage.com/services/pro-gallery-santa-wrapper/1.2715.0/media/emptystate.f4c750b6.svg]
